src/modules/applicant/components/category-management-view.tsx(492,29): error TS2322: Type '{ children: string; variant: "destructive"; onClick: () => void; loading: boolean; }' is not assignable to type 'IntrinsicAttributes & ClassAttributes<HTMLButtonElement> & ButtonHTMLAttributes<HTMLButtonElement> & VariantProps<...> & { ...; }'.
  Property 'loading' does not exist on type 'IntrinsicAttributes & ClassAttributes<HTMLButtonElement> & ButtonHTMLAttributes<HTMLButtonElement> & VariantProps<...> & { ...; }'.
src/modules/applicant/components/survey-template-management-view.tsx(286,29): error TS2322: Type '{ children: string; variant: "destructive"; onClick: () => void; loading: boolean; }' is not assignable to type 'IntrinsicAttributes & ClassAttributes<HTMLButtonElement> & ButtonHTMLAttributes<HTMLButtonElement> & VariantProps<...> & { ...; }'.
  Property 'loading' does not exist on type 'IntrinsicAttributes & ClassAttributes<HTMLButtonElement> & ButtonHTMLAttributes<HTMLButtonElement> & VariantProps<...> & { ...; }'.
